16:54:00 **** Incremental Build of configuration Debug for project cpu0_uart ****
make all 
make --no-print-directory pre-build
a9-linaro-pre-build-step
' '
make --no-print-directory main-build
'Building file: ../src/platform.c'
'Invoking: ARM v7 gcc compiler'
arm-none-eabi-gcc -Wall -O0 -g3 -c -fmessage-length=0 -MT"src/platform.o" -mcpu=cortex-a9 -mfpu=vfpv3 -mfloat-abi=hard -IC:/vi/z702/amp_test/export/amp_test/sw/amp_test/standalone_domain/bspinclude/include -MMD -MP -MF"src/platform.d" -MT"src/platform.o" -o "src/platform.o" "../src/platform.c"
'Finished building: ../src/platform.c'
' '
'Building file: ../src/uart.c'
'Invoking: ARM v7 gcc compiler'
arm-none-eabi-gcc -Wall -O0 -g3 -c -fmessage-length=0 -MT"src/uart.o" -mcpu=cortex-a9 -mfpu=vfpv3 -mfloat-abi=hard -IC:/vi/z702/amp_test/export/amp_test/sw/amp_test/standalone_domain/bspinclude/include -MMD -MP -MF"src/uart.d" -MT"src/uart.o" -o "src/uart.o" "../src/uart.c"
'Finished building: ../src/uart.c'
' '
'Building target: cpu0_uart.elf'
'Invoking: ARM v7 gcc linker'
arm-none-eabi-gcc -mcpu=cortex-a9 -mfpu=vfpv3 -mfloat-abi=hard -Wl,-build-id=none -specs=Xilinx.spec -Wl,-T -Wl,../src/lscript.ld -LC:/vi/z702/amp_test/export/amp_test/sw/amp_test/standalone_domain/bsplib/lib -o "cpu0_uart.elf"  ./src/platform.o ./src/uart.o   -Wl,--start-group,-lxil,-lgcc,-lc,--end-group -Wl,--start-group,-lxilffs,-lxil,-lgcc,-lc,--end-group
'Finished building target: cpu0_uart.elf'
' '
'Invoking: ARM v7 Print Size'
arm-none-eabi-size cpu0_uart.elf  |tee "cpu0_uart.elf.size"
   text	   data	    bss	    dec	    hex	filename
  80043	   3328	  22672	 106043	  19e3b	cpu0_uart.elf
'Finished building: cpu0_uart.elf.size'
' '

16:54:01 Build Finished (took 940ms)

