16:59:41 **** Incremental Build of configuration Debug for project empty_uart ****
make all 
make --no-print-directory pre-build
a9-linaro-pre-build-step
' '
make --no-print-directory main-build
'Building file: ../src/main.c'
'Invoking: ARM v7 gcc compiler'
arm-none-eabi-gcc -Wall -O0 -g3 -c -fmessage-length=0 -MT"src/main.o" -mcpu=cortex-a9 -mfpu=vfpv3 -mfloat-abi=hard -IC:/vi/z702/uart1/export/uart1/sw/uart1/standalone_domain/bspinclude/include -MMD -MP -MF"src/main.d" -MT"src/main.o" -o "src/main.o" "../src/main.c"
'Finished building: ../src/main.c'
' '
'Building target: empty_uart.elf'
'Invoking: ARM v7 gcc linker'
arm-none-eabi-gcc -mcpu=cortex-a9 -mfpu=vfpv3 -mfloat-abi=hard -Wl,-build-id=none -specs=Xilinx.spec -Wl,-T -Wl,../src/lscript.ld -LC:/vi/z702/uart1/export/uart1/sw/uart1/standalone_domain/bsplib/lib -o "empty_uart.elf"  ./src/main.o ./src/user_uart.o   -Wl,--start-group,-lxil,-lgcc,-lc,--end-group
'Finished building target: empty_uart.elf'
' '
'Invoking: ARM v7 Print Size'
arm-none-eabi-size empty_uart.elf  |tee "empty_uart.elf.size"
   text	   data	    bss	    dec	    hex	filename
  32655	   1192	  22792	  56639	   dd3f	empty_uart.elf
'Finished building: empty_uart.elf.size'
' '

16:59:42 Build Finished (took 612ms)

