17:08:55 **** Build of configuration Debug for project xadcps_polled_printf_example_1 ****
make all 
make --no-print-directory pre-build
a9-linaro-pre-build-step
' '
make --no-print-directory main-build
'Building file: ../src/xadcps_polled_printf_example.c'
'Invoking: ARM v7 gcc compiler'
arm-none-eabi-gcc -Wall -O0 -g3 -c -fmessage-length=0 -MT"src/xadcps_polled_printf_example.o" -mcpu=cortex-a9 -mfpu=vfpv3 -mfloat-abi=hard -IC:/vi/z702/xadc/export/xadc/sw/xadc/standalone_domain/bspinclude/include -MMD -MP -MF"src/xadcps_polled_printf_example.d" -MT"src/xadcps_polled_printf_example.o" -o "src/xadcps_polled_printf_example.o" "../src/xadcps_polled_printf_example.c"
'Finished building: ../src/xadcps_polled_printf_example.c'
' '
'Building target: xadcps_polled_printf_example_1.elf'
'Invoking: ARM v7 gcc linker'
arm-none-eabi-gcc -mcpu=cortex-a9 -mfpu=vfpv3 -mfloat-abi=hard -Wl,-build-id=none -specs=Xilinx.spec -Wl,-T -Wl,../src/lscript.ld -LC:/vi/z702/xadc/export/xadc/sw/xadc/standalone_domain/bsplib/lib -o "xadcps_polled_printf_example_1.elf"  ./src/xadcps_polled_printf_example.o   -Wl,--start-group,-lxil,-lgcc,-lc,--end-group
'Finished building target: xadcps_polled_printf_example_1.elf'
' '
'Invoking: ARM v7 Print Size'
arm-none-eabi-size xadcps_polled_printf_example_1.elf  |tee "xadcps_polled_printf_example_1.elf.size"
   text	   data	    bss	    dec	    hex	filename
  31477	   1152	  22600	  55229	   d7bd	xadcps_polled_printf_example_1.elf
'Finished building: xadcps_polled_printf_example_1.elf.size'
' '

17:08:56 Build Finished (took 669ms)

