16:15:32 **** Build of configuration Debug for project xgpiops_intr_example_1 ****
make all 
make --no-print-directory pre-build
a9-linaro-pre-build-step
' '
make --no-print-directory main-build
'Building file: ../src/xgpiops_intr_example.c'
'Invoking: ARM v7 gcc compiler'
arm-none-eabi-gcc -Wall -O0 -g3 -c -fmessage-length=0 -MT"src/xgpiops_intr_example.o" -mcpu=cortex-a9 -mfpu=vfpv3 -mfloat-abi=hard -IC:/vi/z702/emio/export/emio/sw/emio/standalone_domain/bspinclude/include -MMD -MP -MF"src/xgpiops_intr_example.d" -MT"src/xgpiops_intr_example.o" -o "src/xgpiops_intr_example.o" "../src/xgpiops_intr_example.c"
'Finished building: ../src/xgpiops_intr_example.c'
' '
'Building target: xgpiops_intr_example_1.elf'
'Invoking: ARM v7 gcc linker'
arm-none-eabi-gcc -mcpu=cortex-a9 -mfpu=vfpv3 -mfloat-abi=hard -Wl,-build-id=none -specs=Xilinx.spec -Wl,-T -Wl,../src/lscript.ld -LC:/vi/z702/emio/export/emio/sw/emio/standalone_domain/bsplib/lib -o "xgpiops_intr_example_1.elf"  ./src/xgpiops_intr_example.o   -Wl,--start-group,-lxil,-lgcc,-lc,--end-group
'Finished building target: xgpiops_intr_example_1.elf'
' '
'Invoking: ARM v7 Print Size'
arm-none-eabi-size xgpiops_intr_example_1.elf  |tee "xgpiops_intr_example_1.elf.size"
   text	   data	    bss	    dec	    hex	filename
  33903	   1928	  22664	  58495	   e47f	xgpiops_intr_example_1.elf
'Finished building: xgpiops_intr_example_1.elf.size'
' '

16:15:33 Build Finished (took 1s.313ms)

