17:45:15 **** Build of configuration Debug for project xqspips_flash_intr_example_1 ****
make all 
make --no-print-directory pre-build
a9-linaro-pre-build-step
' '
make --no-print-directory main-build
'Building file: ../src/xqspips_flash_intr_example.c'
'Invoking: ARM v7 gcc compiler'
arm-none-eabi-gcc -Wall -O0 -g3 -c -fmessage-length=0 -MT"src/xqspips_flash_intr_example.o" -mcpu=cortex-a9 -mfpu=vfpv3 -mfloat-abi=hard -IC:/vi/z702/qspi/export/qspi/sw/qspi/standalone_domain/bspinclude/include -MMD -MP -MF"src/xqspips_flash_intr_example.d" -MT"src/xqspips_flash_intr_example.o" -o "src/xqspips_flash_intr_example.o" "../src/xqspips_flash_intr_example.c"
'Finished building: ../src/xqspips_flash_intr_example.c'
' '
'Building target: xqspips_flash_intr_example_1.elf'
'Invoking: ARM v7 gcc linker'
arm-none-eabi-gcc -mcpu=cortex-a9 -mfpu=vfpv3 -mfloat-abi=hard -Wl,-build-id=none -specs=Xilinx.spec -Wl,-T -Wl,../src/lscript.ld -LC:/vi/z702/qspi/export/qspi/sw/qspi/standalone_domain/bsplib/lib -o "xqspips_flash_intr_example_1.elf"  ./src/xqspips_flash_intr_example.o   -Wl,--start-group,-lxil,-lgcc,-lc,--end-group
'Finished building target: xqspips_flash_intr_example_1.elf'
' '
'Invoking: ARM v7 Print Size'
arm-none-eabi-size xqspips_flash_intr_example_1.elf  |tee "xqspips_flash_intr_example_1.elf.size"
   text	   data	    bss	    dec	    hex	filename
  37987	   2016	  27032	  67035	  105db	xqspips_flash_intr_example_1.elf
'Finished building: xqspips_flash_intr_example_1.elf.size'
' '

17:45:16 Build Finished (took 746ms)

