09:41:36 **** Build of configuration Debug for project xsdps_raw_example_1 ****
make all 
make --no-print-directory pre-build
a9-linaro-pre-build-step
' '
make --no-print-directory main-build
'Building file: ../src/xsdps_raw_example.c'
'Invoking: ARM v7 gcc compiler'
arm-none-eabi-gcc -Wall -O0 -g3 -c -fmessage-length=0 -MT"src/xsdps_raw_example.o" -mcpu=cortex-a9 -mfpu=vfpv3 -mfloat-abi=hard -IC:/vi/z702/sd_card/export/sd_card/sw/sd_card/standalone_domain/bspinclude/include -MMD -MP -MF"src/xsdps_raw_example.d" -MT"src/xsdps_raw_example.o" -o "src/xsdps_raw_example.o" "../src/xsdps_raw_example.c"
'Finished building: ../src/xsdps_raw_example.c'
' '
'Building target: xsdps_raw_example_1.elf'
'Invoking: ARM v7 gcc linker'
arm-none-eabi-gcc -mcpu=cortex-a9 -mfpu=vfpv3 -mfloat-abi=hard -Wl,-build-id=none -specs=Xilinx.spec -Wl,-T -Wl,../src/lscript.ld -LC:/vi/z702/sd_card/export/sd_card/sw/sd_card/standalone_domain/bsplib/lib -o "xsdps_raw_example_1.elf"  ./src/xsdps_raw_example.o   -Wl,--start-group,-lxil,-lgcc,-lc,--end-group -Wl,--start-group,-lxilffs,-lxil,-lgcc,-lc,--end-group
'Finished building target: xsdps_raw_example_1.elf'
' '
'Invoking: ARM v7 Print Size'
arm-none-eabi-size xsdps_raw_example_1.elf  |tee "xsdps_raw_example_1.elf.size"
   text	   data	    bss	    dec	    hex	filename
  44484	   1208	  44976	  90668	  1622c	xsdps_raw_example_1.elf
'Finished building: xsdps_raw_example_1.elf.size'
' '

09:41:37 Build Finished (took 768ms)

