18:13:15 **** Build of configuration Debug for project xuartps_intr_example_2 ****
make all 
make --no-print-directory pre-build
a9-linaro-pre-build-step
' '
make --no-print-directory main-build
'Building file: ../src/xuartps_intr_example.c'
'Invoking: ARM v7 gcc compiler'
arm-none-eabi-gcc -Wall -O0 -g3 -c -fmessage-length=0 -MT"src/xuartps_intr_example.o" -mcpu=cortex-a9 -mfpu=vfpv3 -mfloat-abi=hard -IC:/vi/z702/amp_test/export/amp_test/sw/amp_test/standalone_domain/bspinclude/include -MMD -MP -MF"src/xuartps_intr_example.d" -MT"src/xuartps_intr_example.o" -o "src/xuartps_intr_example.o" "../src/xuartps_intr_example.c"
'Finished building: ../src/xuartps_intr_example.c'
' '
'Building target: xuartps_intr_example_2.elf'
'Invoking: ARM v7 gcc linker'
arm-none-eabi-gcc -mcpu=cortex-a9 -mfpu=vfpv3 -mfloat-abi=hard -Wl,-build-id=none -specs=Xilinx.spec -Wl,-T -Wl,../src/lscript.ld -LC:/vi/z702/amp_test/export/amp_test/sw/amp_test/standalone_domain/bsplib/lib -o "xuartps_intr_example_2.elf"  ./src/xuartps_intr_example.o   -Wl,--start-group,-lxil,-lgcc,-lc,--end-group
'Finished building target: xuartps_intr_example_2.elf'
' '
'Invoking: ARM v7 Print Size'
arm-none-eabi-size xuartps_intr_example_2.elf  |tee "xuartps_intr_example_2.elf.size"
   text	   data	    bss	    dec	    hex	filename
  38199	   1968	  22920	  63087	   f66f	xuartps_intr_example_2.elf
'Finished building: xuartps_intr_example_2.elf.size'
' '

18:13:15 Build Finished (took 666ms)

