15:29:57 **** Build of configuration Debug for project xuartps_low_echo_example_1 ****
make all 
make --no-print-directory pre-build
a9-linaro-pre-build-step
' '
make --no-print-directory main-build
'Building file: ../src/xuartps_low_echo_example.c'
'Invoking: ARM v7 gcc compiler'
arm-none-eabi-gcc -Wall -O0 -g3 -c -fmessage-length=0 -MT"src/xuartps_low_echo_example.o" -mcpu=cortex-a9 -mfpu=vfpv3 -mfloat-abi=hard -IC:/vi/z702/uart_loop/export/uart_loop/sw/uart_loop/standalone_domain/bspinclude/include -MMD -MP -MF"src/xuartps_low_echo_example.d" -MT"src/xuartps_low_echo_example.o" -o "src/xuartps_low_echo_example.o" "../src/xuartps_low_echo_example.c"
'Finished building: ../src/xuartps_low_echo_example.c'
' '
'Building target: xuartps_low_echo_example_1.elf'
'Invoking: ARM v7 gcc linker'
arm-none-eabi-gcc -mcpu=cortex-a9 -mfpu=vfpv3 -mfloat-abi=hard -Wl,-build-id=none -specs=Xilinx.spec -Wl,-T -Wl,../src/lscript.ld -LC:/vi/z702/uart_loop/export/uart_loop/sw/uart_loop/standalone_domain/bsplib/lib -o "xuartps_low_echo_example_1.elf"  ./src/xuartps_low_echo_example.o   -Wl,--start-group,-lxil,-lgcc,-lc,--end-group
'Finished building target: xuartps_low_echo_example_1.elf'
' '
'Invoking: ARM v7 Print Size'
arm-none-eabi-size xuartps_low_echo_example_1.elf  |tee "xuartps_low_echo_example_1.elf.size"
   text	   data	    bss	    dec	    hex	filename
  22425	   1144	  22584	  46153	   b449	xuartps_low_echo_example_1.elf
'Finished building: xuartps_low_echo_example_1.elf.size'
' '

15:29:58 Build Finished (took 750ms)

