23:26:19 **** Incremental Build of configuration Debug for project axi_gpio ****
make all 
make --no-print-directory pre-build
a9-linaro-pre-build-step
' '
make --no-print-directory main-build
'Building file: ../src/axi_gpio.c'
'Invoking: ARM v7 gcc compiler'
arm-none-eabi-gcc -Wall -O0 -g3 -c -fmessage-length=0 -MT"src/axi_gpio.o" -mcpu=cortex-a9 -mfpu=vfpv3 -mfloat-abi=hard -IC:/Vulcan/Design_Tool/Vitis/ZC702_Vitis/zc702_gpio/export/zc702_gpio/sw/zc702_gpio/standalone_domain/bspinclude/include -MMD -MP -MF"src/axi_gpio.d" -MT"src/axi_gpio.o" -o "src/axi_gpio.o" "../src/axi_gpio.c"
In file included from ../src/axi_gpio.c:7:
C:/Vulcan/Design_Tool/Vitis/ZC702_Vitis/zc702_gpio/export/zc702_gpio/sw/zc702_gpio/standalone_domain/bspinclude/include/xbasic_types.h:102:2: warning: #warning The xbasics_type.h file is deprecated and users should use xil_types.h and xil_assert. [-Wcpp]
  102 | #warning  The xbasics_type.h file is deprecated and users should use xil_types.h and xil_assert.
      |  ^~~~~~~
C:/Vulcan/Design_Tool/Vitis/ZC702_Vitis/zc702_gpio/export/zc702_gpio/sw/zc702_gpio/standalone_domain/bspinclude/include/xbasic_types.h:103:2: warning: #warning Please refer the Standalone BSP UG647 for further details [-Wcpp]
  103 | #warning  Please refer the Standalone BSP UG647 for further details
      |  ^~~~~~~
../src/axi_gpio.c: In function 'main':
../src/axi_gpio.c:37:17: warning: this 'if' clause does not guard... [-Wmisleading-indentation]
   37 |                 if(XGpio_DiscreteRead(&AXI_Gpio, GPIO_CHANNEL1) == 0);
      |                 ^~
../src/axi_gpio.c:38:25: note: ...this statement, but the latter is misleadingly indented as if it were guarded by the 'if'
   38 |                         data = ~data;
      |                         ^~~~
'Finished building: ../src/axi_gpio.c'
' '
'Building file: ../src/platform.c'
'Invoking: ARM v7 gcc compiler'
arm-none-eabi-gcc -Wall -O0 -g3 -c -fmessage-length=0 -MT"src/platform.o" -mcpu=cortex-a9 -mfpu=vfpv3 -mfloat-abi=hard -IC:/Vulcan/Design_Tool/Vitis/ZC702_Vitis/zc702_gpio/export/zc702_gpio/sw/zc702_gpio/standalone_domain/bspinclude/include -MMD -MP -MF"src/platform.d" -MT"src/platform.o" -o "src/platform.o" "../src/platform.c"
'Finished building: ../src/platform.c'
' '
'Building target: axi_gpio.elf'
'Invoking: ARM v7 gcc linker'
arm-none-eabi-gcc -mcpu=cortex-a9 -mfpu=vfpv3 -mfloat-abi=hard -Wl,-build-id=none -specs=Xilinx.spec -Wl,-T -Wl,../src/lscript.ld -LC:/Vulcan/Design_Tool/Vitis/ZC702_Vitis/zc702_gpio/export/zc702_gpio/sw/zc702_gpio/standalone_domain/bsplib/lib -o "axi_gpio.elf"  ./src/axi_gpio.o ./src/platform.o   -Wl,--start-group,-lxil,-lgcc,-lc,--end-group
'Finished building target: axi_gpio.elf'
' '
'Invoking: ARM v7 Print Size'
arm-none-eabi-size axi_gpio.elf  |tee "axi_gpio.elf.size"
   text	   data	    bss	    dec	    hex	filename
  54487	   2576	  22696	  79759	  1378f	axi_gpio.elf
'Finished building: axi_gpio.elf.size'
' '

23:26:20 Build Finished (took 724ms)

